******************************************************************************
                  TI ARM Linker PC v20.2.4                     
******************************************************************************
>> Linked Thu Sep 23 15:52:52 2021

OUTPUT FILE NAME:   <LAB3.out>
ENTRY POINT SYMBOL: "_c_int00_noargs"  address: 0000027d


MEMORY CONFIGURATION

         name            origin    length      used     unused   attr    fill
----------------------  --------  ---------  --------  --------  ----  --------
  MAIN                  00000000   00040000  000002f6  0003fd0a  R  X
  INFO                  00200000   00004000  00000000  00004000  R  X
  SRAM_CODE             01000000   00010000  00000204  0000fdfc  RW X
  SRAM_DATA             20000000   00010000  00000204  0000fdfc  RW  


SEGMENT ALLOCATION MAP

run origin  load origin   length   init length attrs members
----------  ----------- ---------- ----------- ----- -------
00000000    00000000    000002fc   000002fc    r-x
  00000000    00000000    000000e4   000000e4    r-- .intvecs
  000000e4    000000e4    000001fe   000001fe    r-x .text
  000002e8    000002e8    00000014   00000014    r-- .cinit
20000000    20000000    00000004   00000000    rw-
  20000000    20000000    00000004   00000000    rw- .bss
2000fe00    2000fe00    00000200   00000000    rw-
  2000fe00    2000fe00    00000200   00000000    rw- .stack


SECTION ALLOCATION MAP

 output                                  attributes/
section   page    origin      length       input sections
--------  ----  ----------  ----------   ----------------
.intvecs   0    00000000    000000e4     
                  00000000    000000e4     startup_msp432p401r_ccs.obj (.intvecs:retain)

.text      0    000000e4    000001fe     
                  000000e4    00000078     system_msp432p401r.obj (.text:SystemInit)
                  0000015c    00000070     main.obj (.text:main)
                  000001cc    0000006c     main.obj (.text:PORT2_IRQHandler)
                  00000238    00000044     rtsv7M4_T_le_v4SPD16_eabi.lib : autoinit.c.obj (.text:__TI_auto_init_nobinit_nopinit:__TI_auto_init_nobinit_nopinit)
                  0000027c    00000034                                   : boot_cortex_m.c.obj (.text:_c_int00_noargs:_c_int00_noargs)
                  000002b0    0000001c                                   : copy_zero_init.c.obj (.text:decompress:ZI:__TI_zero_init_nomemset:__TI_zero_init_nomemset)
                  000002cc    0000000c     startup_msp432p401r_ccs.obj (.text:Reset_Handler)
                  000002d8    00000004     rtsv7M4_T_le_v4SPD16_eabi.lib : pre_init.c.obj (.text:_system_pre_init)
                  000002dc    00000004                                   : exit.c.obj (.text:abort:abort)
                  000002e0    00000002     startup_msp432p401r_ccs.obj (.text:Default_Handler)

.cinit     0    000002e8    00000014     
                  000002e8    00000008     (.cinit..bss.load) [load image, compression = zero_init]
                  000002f0    00000004     (__TI_handler_table)
                  000002f4    00000008     (__TI_cinit_table)

.init_array 
*          0    00000000    00000000     UNINITIALIZED

.binit     0    00000000    00000000     

.bss       0    20000000    00000004     UNINITIALIZED
                  20000000    00000004     (.common:pulseCount)

.stack     0    2000fe00    00000200     UNINITIALIZED
                  2000fe00    00000004     rtsv7M4_T_le_v4SPD16_eabi.lib : boot_cortex_m.c.obj (.stack)
                  2000fe04    000001fc     --HOLE--

__llvm_prf_cnts 
*          0    20000000    00000000     UNINITIALIZED

MODULE SUMMARY

       Module                        code   ro data   rw data
       ------                        ----   -------   -------
    .\
       main.obj                      220    0         8      
       system_msp432p401r.obj        120    0         0      
    +--+-----------------------------+------+---------+---------+
       Total:                        340    0         8      
                                                             
    .\ccs\
       startup_msp432p401r_ccs.obj   14     228       0      
    +--+-----------------------------+------+---------+---------+
       Total:                        14     228       0      
                                                             
    C:\ti\ti-cgt-arm_20.2.4.LTS\lib\rtsv7M4_T_le_v4SPD16_eabi.lib
       autoinit.c.obj                68     0         0      
       boot_cortex_m.c.obj           52     0         0      
       copy_zero_init.c.obj          28     0         0      
       exit.c.obj                    4      0         0      
       pre_init.c.obj                4      0         0      
    +--+-----------------------------+------+---------+---------+
       Total:                        156    0         0      
                                                             
       Stack:                        0      0         1024   
       Linker Generated:             0      20        0      
    +--+-----------------------------+------+---------+---------+
       Grand Total:                  510    248       1032   


LINKER GENERATED COPY TABLES

__TI_cinit_table @ 000002f4 records: 1, size/record: 8, table size: 8
	.bss: load addr=000002e8, load size=00000008 bytes, run addr=20000000, run size=00000004 bytes, compression=zero_init


LINKER GENERATED HANDLER TABLE

__TI_handler_table @ 000002f0 records: 1, size/record: 4, table size: 4
	index: 0, handler: __TI_zero_init


GLOBAL SYMBOLS: SORTED ALPHABETICALLY BY Name 

address   name                          
-------   ----                          
000002e1  ADC14_IRQHandler              
000002e1  AES256_IRQHandler             
000002e1  BusFault_Handler              
000002dd  C$$EXIT                       
000002e1  COMP_E0_IRQHandler            
000002e1  COMP_E1_IRQHandler            
000002e1  CS_IRQHandler                 
000002e1  DMA_ERR_IRQHandler            
000002e1  DMA_INT0_IRQHandler           
000002e1  DMA_INT1_IRQHandler           
000002e1  DMA_INT2_IRQHandler           
000002e1  DMA_INT3_IRQHandler           
000002e1  DebugMon_Handler              
000002e1  Default_Handler               
000002e1  EUSCIA0_IRQHandler            
000002e1  EUSCIA1_IRQHandler            
000002e1  EUSCIA2_IRQHandler            
000002e1  EUSCIA3_IRQHandler            
000002e1  EUSCIB0_IRQHandler            
000002e1  EUSCIB1_IRQHandler            
000002e1  EUSCIB2_IRQHandler            
000002e1  EUSCIB3_IRQHandler            
000002e1  FLCTL_IRQHandler              
000002e1  FPU_IRQHandler                
000002e1  HardFault_Handler             
000002e1  MemManage_Handler             
000002e1  NMI_Handler                   
000002e1  PCM_IRQHandler                
000002e1  PORT1_IRQHandler              
000001cd  PORT2_IRQHandler              
000001cd  PORT2_IRQHandler              
000002e1  PORT3_IRQHandler              
000002e1  PORT4_IRQHandler              
000002e1  PORT5_IRQHandler              
000002e1  PORT6_IRQHandler              
000002e1  PSS_IRQHandler                
000002e1  PendSV_Handler                
000002e1  RTC_C_IRQHandler              
000002cd  Reset_Handler                 
000002e1  SVC_Handler                   
000002e1  SysTick_Handler               
000000e5  SystemInit                    
000002e1  T32_INT1_IRQHandler           
000002e1  T32_INT2_IRQHandler           
000002e1  T32_INTC_IRQHandler           
000002e1  TA0_0_IRQHandler              
000002e1  TA0_N_IRQHandler              
000002e1  TA1_0_IRQHandler              
000002e1  TA1_N_IRQHandler              
000002e1  TA2_0_IRQHandler              
000002e1  TA2_N_IRQHandler              
000002e1  TA3_0_IRQHandler              
000002e1  TA3_N_IRQHandler              
000002e1  UsageFault_Handler            
4000480c  WDTCTL_SYM                    
000002e1  WDT_A_IRQHandler              
20010000  __STACK_END                   
00000200  __STACK_SIZE                  
000002f4  __TI_CINIT_Base               
000002fc  __TI_CINIT_Limit              
000002f0  __TI_Handler_Table_Base       
000002f4  __TI_Handler_Table_Limit      
00000239  __TI_auto_init_nobinit_nopinit
ffffffff  __TI_pprof_out_hndl           
ffffffff  __TI_prof_data_size           
ffffffff  __TI_prof_data_start          
00000000  __TI_static_base__            
000002b1  __TI_zero_init_nomemset       
ffffffff  __binit__                     
ffffffff  __c_args__                    
UNDEFED   __mpu_init                    
2000fe00  __stack                       
20000000  __start___llvm_prf_cnts       
20000000  __stop___llvm_prf_cnts        
0000027d  _c_int00_noargs               
UNDEFED   _system_post_cinit            
000002d9  _system_pre_init              
000002dd  abort                         
ffffffff  binit                         
00000000  interruptVectors              
0000015d  main                          
20000000  pulseCount                    


GLOBAL SYMBOLS: SORTED BY Symbol Address 

address   name                          
-------   ----                          
00000000  __TI_static_base__            
00000000  interruptVectors              
000000e5  SystemInit                    
0000015d  main                          
000001cd  PORT2_IRQHandler              
000001cd  PORT2_IRQHandler              
00000200  __STACK_SIZE                  
00000239  __TI_auto_init_nobinit_nopinit
0000027d  _c_int00_noargs               
000002b1  __TI_zero_init_nomemset       
000002cd  Reset_Handler                 
000002d9  _system_pre_init              
000002dd  C$$EXIT                       
000002dd  abort                         
000002e1  ADC14_IRQHandler              
000002e1  AES256_IRQHandler             
000002e1  BusFault_Handler              
000002e1  COMP_E0_IRQHandler            
000002e1  COMP_E1_IRQHandler            
000002e1  CS_IRQHandler                 
000002e1  DMA_ERR_IRQHandler            
000002e1  DMA_INT0_IRQHandler           
000002e1  DMA_INT1_IRQHandler           
000002e1  DMA_INT2_IRQHandler           
000002e1  DMA_INT3_IRQHandler           
000002e1  DebugMon_Handler              
000002e1  Default_Handler               
000002e1  EUSCIA0_IRQHandler            
000002e1  EUSCIA1_IRQHandler            
000002e1  EUSCIA2_IRQHandler            
000002e1  EUSCIA3_IRQHandler            
000002e1  EUSCIB0_IRQHandler            
000002e1  EUSCIB1_IRQHandler            
000002e1  EUSCIB2_IRQHandler            
000002e1  EUSCIB3_IRQHandler            
000002e1  FLCTL_IRQHandler              
000002e1  FPU_IRQHandler                
000002e1  HardFault_Handler             
000002e1  MemManage_Handler             
000002e1  NMI_Handler                   
000002e1  PCM_IRQHandler                
000002e1  PORT1_IRQHandler              
000002e1  PORT3_IRQHandler              
000002e1  PORT4_IRQHandler              
000002e1  PORT5_IRQHandler              
000002e1  PORT6_IRQHandler              
000002e1  PSS_IRQHandler                
000002e1  PendSV_Handler                
000002e1  RTC_C_IRQHandler              
000002e1  SVC_Handler                   
000002e1  SysTick_Handler               
000002e1  T32_INT1_IRQHandler           
000002e1  T32_INT2_IRQHandler           
000002e1  T32_INTC_IRQHandler           
000002e1  TA0_0_IRQHandler              
000002e1  TA0_N_IRQHandler              
000002e1  TA1_0_IRQHandler              
000002e1  TA1_N_IRQHandler              
000002e1  TA2_0_IRQHandler              
000002e1  TA2_N_IRQHandler              
000002e1  TA3_0_IRQHandler              
000002e1  TA3_N_IRQHandler              
000002e1  UsageFault_Handler            
000002e1  WDT_A_IRQHandler              
000002f0  __TI_Handler_Table_Base       
000002f4  __TI_CINIT_Base               
000002f4  __TI_Handler_Table_Limit      
000002fc  __TI_CINIT_Limit              
20000000  __start___llvm_prf_cnts       
20000000  __stop___llvm_prf_cnts        
20000000  pulseCount                    
2000fe00  __stack                       
20010000  __STACK_END                   
4000480c  WDTCTL_SYM                    
ffffffff  __TI_pprof_out_hndl           
ffffffff  __TI_prof_data_size           
ffffffff  __TI_prof_data_start          
ffffffff  __binit__                     
ffffffff  __c_args__                    
ffffffff  binit                         
UNDEFED   __mpu_init                    
UNDEFED   _system_post_cinit            

[82 symbols]
