******************************************************************************
                  TI ARM Linker PC v20.2.4                     
******************************************************************************
>> Linked Mon Oct  4 18:43:29 2021

OUTPUT FILE NAME:   <LAB4.out>
ENTRY POINT SYMBOL: "_c_int00_noargs"  address: 00000979


MEMORY CONFIGURATION

         name            origin    length      used     unused   attr    fill
----------------------  --------  ---------  --------  --------  ----  --------
  MAIN                  00000000   00040000  00000bc6  0003f43a  R  X
  INFO                  00200000   00004000  00000000  00004000  R  X
  SRAM_CODE             01000000   00010000  0000020c  0000fdf4  RW X
  SRAM_DATA             20000000   00010000  0000020c  0000fdf4  RW  


SEGMENT ALLOCATION MAP

run origin  load origin   length   init length attrs members
----------  ----------- ---------- ----------- ----- -------
00000000    00000000    00000bcc   00000bcc    r-x
  00000000    00000000    000000e4   000000e4    r-- .intvecs
  000000e4    000000e4    00000a7e   00000a7e    r-x .text
  00000b64    00000b64    00000050   00000050    r-- .const
  00000bb8    00000bb8    00000014   00000014    r-- .cinit
20000000    20000000    0000000c   00000000    rw-
  20000000    20000000    0000000c   00000000    rw- .bss
2000fe00    2000fe00    00000200   00000000    rw-
  2000fe00    2000fe00    00000200   00000000    rw- .stack


SECTION ALLOCATION MAP

 output                                  attributes/
section   page    origin      length       input sections
--------  ----  ----------  ----------   ----------------
.intvecs   0    00000000    000000e4     
                  00000000    000000e4     startup_msp432p401r_ccs.obj (.intvecs:retain)

.text      0    000000e4    00000a7e     
                  000000e4    00000144     msp432p4xx_driverlib.lib : timer_a.o (.text:privateTimer_AProcessClockSourceDivider)
                  00000228    00000104                              : cs.o (.text:_CSComputeCLKFrequency)
                  0000032c    000000f8                              : cs.o (.text:CS_getDCOFrequency)
                  00000424    00000094                              : sysctl_a.o (.text:SysCtl_A_getTLVInfo)
                  000004b8    00000088     main.obj (.text:getHCSR04Distance)
                  00000540    00000080     msp432p4xx_driverlib.lib : interrupt.o (.text:Interrupt_enableInterrupt)
                  000005c0    0000007c                              : cs.o (.text:_CSGetDOCFrequency)
                  0000063c    00000078     system_msp432p401r.obj (.text:SystemInit)
                  000006b4    00000068     msp432p4xx_driverlib.lib : timer_a.o (.text:Timer_A_configureUpMode)
                  0000071c    00000062                              : cs.o (.text:_CSGetDividerValue)
                  0000077e    00000002     startup_msp432p401r_ccs.obj (.text:Default_Handler)
                  00000780    00000058     msp432p4xx_driverlib.lib : gpio.o (.text:GPIO_setAsInputPinWithPullDownResistor)
                  000007d8    00000054     main.obj (.text:Initalise_HCSR04)
                  0000082c    0000004c     msp432p4xx_driverlib.lib : timer_a.o (.text:Timer_A_getCounterValue)
                  00000878    00000044     rtsv7M4_T_le_v4SPD16_eabi.lib : autoinit.c.obj (.text:__TI_auto_init_nobinit_nopinit:__TI_auto_init_nobinit_nopinit)
                  000008bc    00000044     main.obj (.text:main)
                  00000900    00000040     msp432p4xx_driverlib.lib : gpio.o (.text:GPIO_setAsOutputPin)
                  00000940    00000038     main.obj (.text:getHCSR04Time)
                  00000978    00000034     rtsv7M4_T_le_v4SPD16_eabi.lib : boot_cortex_m.c.obj (.text:_c_int00_noargs:_c_int00_noargs)
                  000009ac    00000030     msp432p4xx_driverlib.lib : cs.o (.text:CS_clearInterruptFlag)
                  000009dc    00000030                              : gpio.o (.text:GPIO_getInputPinValue)
                  00000a0c    0000002c                              : timer_a.o (.text:Timer_A_clearCaptureCompareInterrupt)
                  00000a38    00000028                              : cs.o (.text:CS_getSMCLK)
                  00000a60    00000028                              : gpio.o (.text:GPIO_setOutputHighOnPin)
                  00000a88    00000028                              : gpio.o (.text:GPIO_setOutputLowOnPin)
                  00000ab0    00000024     main.obj (.text:Delay)
                  00000ad4    0000001c     main.obj (.text:TA0_0_IRQHandler)
                  00000af0    0000001c     rtsv7M4_T_le_v4SPD16_eabi.lib : copy_zero_init.c.obj (.text:decompress:ZI:__TI_zero_init_nomemset:__TI_zero_init_nomemset)
                  00000b0c    00000018     msp432p4xx_driverlib.lib : timer_a.o (.text:Timer_A_clearTimer)
                  00000b24    00000016                              : timer_a.o (.text:Timer_A_startCounter)
                  00000b3a    00000014                              : timer_a.o (.text:Timer_A_stopTimer)
                  00000b4e    0000000c     startup_msp432p401r_ccs.obj (.text:Reset_Handler)
                  00000b5a    00000004     rtsv7M4_T_le_v4SPD16_eabi.lib : pre_init.c.obj (.text:_system_pre_init)
                  00000b5e    00000004                                   : exit.c.obj (.text:abort:abort)

.const     0    00000b64    00000050     
                  00000b64    00000030     msp432p4xx_driverlib.lib : gpio.o (.const:GPIO_PORT_TO_BASE)
                  00000b94    00000018     main.obj (.const:$P$T0$1)
                  00000bac    00000008     msp432p4xx_driverlib.lib : interrupt.o (.const:g_pulEnRegs)

.cinit     0    00000bb8    00000014     
                  00000bb8    00000008     (.cinit..bss.load) [load image, compression = zero_init]
                  00000bc0    00000004     (__TI_handler_table)
                  00000bc4    00000008     (__TI_cinit_table)

.init_array 
*          0    00000000    00000000     UNINITIALIZED

.binit     0    00000000    00000000     

.bss       0    20000000    0000000c     UNINITIALIZED
                  20000000    00000008     msp432p4xx_driverlib.lib : cs.o (.bss)
                  20000008    00000004     (.common:SR04IntTimes)

.stack     0    2000fe00    00000200     UNINITIALIZED
                  2000fe00    00000004     rtsv7M4_T_le_v4SPD16_eabi.lib : boot_cortex_m.c.obj (.stack)
                  2000fe04    000001fc     --HOLE--

__llvm_prf_cnts 
*          0    20000000    00000000     UNINITIALIZED

MODULE SUMMARY

       Module                        code   ro data   rw data
       ------                        ----   -------   -------
    .\
       main.obj                      408    24        8      
       system_msp432p401r.obj        120    0         0      
    +--+-----------------------------+------+---------+---------+
       Total:                        528    24        8      
                                                             
    .\ccs\
       startup_msp432p401r_ccs.obj   14     228       0      
    +--+-----------------------------+------+---------+---------+
       Total:                        14     228       0      
                                                             
    C:/ti/simplelink_msp432p4_sdk_3_40_00_05/source/ti/devices/msp432p4xx/driverlib/ccs/msp432p4xx_driverlib.lib
       cs.o                          818    0         16     
       timer_a.o                     614    0         0      
       gpio.o                        280    48        0      
       sysctl_a.o                    148    0         0      
       interrupt.o                   128    8         0      
    +--+-----------------------------+------+---------+---------+
       Total:                        1988   56        16     
                                                             
    C:\ti\ti-cgt-arm_20.2.4.LTS\lib\rtsv7M4_T_le_v4SPD16_eabi.lib
       autoinit.c.obj                68     0         0      
       boot_cortex_m.c.obj           52     0         0      
       copy_zero_init.c.obj          28     0         0      
       exit.c.obj                    4      0         0      
       pre_init.c.obj                4      0         0      
    +--+-----------------------------+------+---------+---------+
       Total:                        156    0         0      
                                                             
       Stack:                        0      0         1024   
       Linker Generated:             0      20        0      
    +--+-----------------------------+------+---------+---------+
       Grand Total:                  2686   328       1048   


LINKER GENERATED COPY TABLES

__TI_cinit_table @ 00000bc4 records: 1, size/record: 8, table size: 8
	.bss: load addr=00000bb8, load size=00000008 bytes, run addr=20000000, run size=0000000c bytes, compression=zero_init


LINKER GENERATED HANDLER TABLE

__TI_handler_table @ 00000bc0 records: 1, size/record: 4, table size: 4
	index: 0, handler: __TI_zero_init


GLOBAL SYMBOLS: SORTED ALPHABETICALLY BY Name 

address   name                                  
-------   ----                                  
0000077f  ADC14_IRQHandler                      
0000077f  AES256_IRQHandler                     
0000077f  BusFault_Handler                      
00000b5f  C$$EXIT                               
0000077f  COMP_E0_IRQHandler                    
0000077f  COMP_E1_IRQHandler                    
0000077f  CS_IRQHandler                         
000009ad  CS_clearInterruptFlag                 
0000032d  CS_getDCOFrequency                    
00000a39  CS_getSMCLK                           
0000077f  DMA_ERR_IRQHandler                    
0000077f  DMA_INT0_IRQHandler                   
0000077f  DMA_INT1_IRQHandler                   
0000077f  DMA_INT2_IRQHandler                   
0000077f  DMA_INT3_IRQHandler                   
0000077f  DebugMon_Handler                      
0000077f  Default_Handler                       
0000077f  EUSCIA0_IRQHandler                    
0000077f  EUSCIA1_IRQHandler                    
0000077f  EUSCIA2_IRQHandler                    
0000077f  EUSCIA3_IRQHandler                    
0000077f  EUSCIB0_IRQHandler                    
0000077f  EUSCIB1_IRQHandler                    
0000077f  EUSCIB2_IRQHandler                    
0000077f  EUSCIB3_IRQHandler                    
0000077f  FLCTL_IRQHandler                      
0000077f  FPU_IRQHandler                        
000009dd  GPIO_getInputPinValue                 
00000781  GPIO_setAsInputPinWithPullDownResistor
00000901  GPIO_setAsOutputPin                   
00000a61  GPIO_setOutputHighOnPin               
00000a89  GPIO_setOutputLowOnPin                
0000077f  HardFault_Handler                     
000007d9  Initalise_HCSR04                      
00000541  Interrupt_enableInterrupt             
0000077f  MemManage_Handler                     
0000077f  NMI_Handler                           
0000077f  PCM_IRQHandler                        
0000077f  PORT1_IRQHandler                      
0000077f  PORT2_IRQHandler                      
0000077f  PORT3_IRQHandler                      
0000077f  PORT4_IRQHandler                      
0000077f  PORT5_IRQHandler                      
0000077f  PORT6_IRQHandler                      
0000077f  PSS_IRQHandler                        
0000077f  PendSV_Handler                        
0000077f  RTC_C_IRQHandler                      
00000b4f  Reset_Handler                         
20000008  SR04IntTimes                          
0000077f  SVC_Handler                           
00000425  SysCtl_A_getTLVInfo                   
0000077f  SysTick_Handler                       
0000063d  SystemInit                            
0000077f  T32_INT1_IRQHandler                   
0000077f  T32_INT2_IRQHandler                   
0000077f  T32_INTC_IRQHandler                   
00000ad5  TA0_0_IRQHandler                      
00000ad5  TA0_0_IRQHandler                      
0000077f  TA0_N_IRQHandler                      
0000077f  TA1_0_IRQHandler                      
0000077f  TA1_N_IRQHandler                      
0000077f  TA2_0_IRQHandler                      
0000077f  TA2_N_IRQHandler                      
0000077f  TA3_0_IRQHandler                      
0000077f  TA3_N_IRQHandler                      
00000a0d  Timer_A_clearCaptureCompareInterrupt  
00000b0d  Timer_A_clearTimer                    
000006b5  Timer_A_configureUpMode               
0000082d  Timer_A_getCounterValue               
00000b25  Timer_A_startCounter                  
00000b3b  Timer_A_stopTimer                     
0000077f  UsageFault_Handler                    
4000480c  WDTCTL_SYM                            
0000077f  WDT_A_IRQHandler                      
20010000  __STACK_END                           
00000200  __STACK_SIZE                          
00000bc4  __TI_CINIT_Base                       
00000bcc  __TI_CINIT_Limit                      
00000bc0  __TI_Handler_Table_Base               
00000bc4  __TI_Handler_Table_Limit              
00000879  __TI_auto_init_nobinit_nopinit        
ffffffff  __TI_pprof_out_hndl                   
ffffffff  __TI_prof_data_size                   
ffffffff  __TI_prof_data_start                  
00000000  __TI_static_base__                    
00000af1  __TI_zero_init_nomemset               
ffffffff  __binit__                             
ffffffff  __c_args__                            
UNDEFED   __mpu_init                            
2000fe00  __stack                               
20000000  __start___llvm_prf_cnts               
20000000  __stop___llvm_prf_cnts                
00000979  _c_int00_noargs                       
UNDEFED   _system_post_cinit                    
00000b5b  _system_pre_init                      
00000b5f  abort                                 
ffffffff  binit                                 
000004b9  getHCSR04Distance                     
00000000  interruptVectors                      
000008bd  main                                  


GLOBAL SYMBOLS: SORTED BY Symbol Address 

address   name                                  
-------   ----                                  
00000000  __TI_static_base__                    
00000000  interruptVectors                      
00000200  __STACK_SIZE                          
0000032d  CS_getDCOFrequency                    
00000425  SysCtl_A_getTLVInfo                   
000004b9  getHCSR04Distance                     
00000541  Interrupt_enableInterrupt             
0000063d  SystemInit                            
000006b5  Timer_A_configureUpMode               
0000077f  ADC14_IRQHandler                      
0000077f  AES256_IRQHandler                     
0000077f  BusFault_Handler                      
0000077f  COMP_E0_IRQHandler                    
0000077f  COMP_E1_IRQHandler                    
0000077f  CS_IRQHandler                         
0000077f  DMA_ERR_IRQHandler                    
0000077f  DMA_INT0_IRQHandler                   
0000077f  DMA_INT1_IRQHandler                   
0000077f  DMA_INT2_IRQHandler                   
0000077f  DMA_INT3_IRQHandler                   
0000077f  DebugMon_Handler                      
0000077f  Default_Handler                       
0000077f  EUSCIA0_IRQHandler                    
0000077f  EUSCIA1_IRQHandler                    
0000077f  EUSCIA2_IRQHandler                    
0000077f  EUSCIA3_IRQHandler                    
0000077f  EUSCIB0_IRQHandler                    
0000077f  EUSCIB1_IRQHandler                    
0000077f  EUSCIB2_IRQHandler                    
0000077f  EUSCIB3_IRQHandler                    
0000077f  FLCTL_IRQHandler                      
0000077f  FPU_IRQHandler                        
0000077f  HardFault_Handler                     
0000077f  MemManage_Handler                     
0000077f  NMI_Handler                           
0000077f  PCM_IRQHandler                        
0000077f  PORT1_IRQHandler                      
0000077f  PORT2_IRQHandler                      
0000077f  PORT3_IRQHandler                      
0000077f  PORT4_IRQHandler                      
0000077f  PORT5_IRQHandler                      
0000077f  PORT6_IRQHandler                      
0000077f  PSS_IRQHandler                        
0000077f  PendSV_Handler                        
0000077f  RTC_C_IRQHandler                      
0000077f  SVC_Handler                           
0000077f  SysTick_Handler                       
0000077f  T32_INT1_IRQHandler                   
0000077f  T32_INT2_IRQHandler                   
0000077f  T32_INTC_IRQHandler                   
0000077f  TA0_N_IRQHandler                      
0000077f  TA1_0_IRQHandler                      
0000077f  TA1_N_IRQHandler                      
0000077f  TA2_0_IRQHandler                      
0000077f  TA2_N_IRQHandler                      
0000077f  TA3_0_IRQHandler                      
0000077f  TA3_N_IRQHandler                      
0000077f  UsageFault_Handler                    
0000077f  WDT_A_IRQHandler                      
00000781  GPIO_setAsInputPinWithPullDownResistor
000007d9  Initalise_HCSR04                      
0000082d  Timer_A_getCounterValue               
00000879  __TI_auto_init_nobinit_nopinit        
000008bd  main                                  
00000901  GPIO_setAsOutputPin                   
00000979  _c_int00_noargs                       
000009ad  CS_clearInterruptFlag                 
000009dd  GPIO_getInputPinValue                 
00000a0d  Timer_A_clearCaptureCompareInterrupt  
00000a39  CS_getSMCLK                           
00000a61  GPIO_setOutputHighOnPin               
00000a89  GPIO_setOutputLowOnPin                
00000ad5  TA0_0_IRQHandler                      
00000ad5  TA0_0_IRQHandler                      
00000af1  __TI_zero_init_nomemset               
00000b0d  Timer_A_clearTimer                    
00000b25  Timer_A_startCounter                  
00000b3b  Timer_A_stopTimer                     
00000b4f  Reset_Handler                         
00000b5b  _system_pre_init                      
00000b5f  C$$EXIT                               
00000b5f  abort                                 
00000bc0  __TI_Handler_Table_Base               
00000bc4  __TI_CINIT_Base                       
00000bc4  __TI_Handler_Table_Limit              
00000bcc  __TI_CINIT_Limit                      
20000000  __start___llvm_prf_cnts               
20000000  __stop___llvm_prf_cnts                
20000008  SR04IntTimes                          
2000fe00  __stack                               
20010000  __STACK_END                           
4000480c  WDTCTL_SYM                            
ffffffff  __TI_pprof_out_hndl                   
ffffffff  __TI_prof_data_size                   
ffffffff  __TI_prof_data_start                  
ffffffff  __binit__                             
ffffffff  __c_args__                            
ffffffff  binit                                 
UNDEFED   __mpu_init                            
UNDEFED   _system_post_cinit                    

[100 symbols]
