******************************************************************************
                  TI ARM Linker PC v20.2.4                     
******************************************************************************
>> Linked Wed Oct 20 19:09:56 2021

OUTPUT FILE NAME:   <RobotCar.out>
ENTRY POINT SYMBOL: "_c_int00_noargs"  address: 00000751


MEMORY CONFIGURATION

         name            origin    length      used     unused   attr    fill
----------------------  --------  ---------  --------  --------  ----  --------
  MAIN                  00000000   00040000  0000090c  0003f6f4  R  X
  INFO                  00200000   00004000  00000000  00004000  R  X
  SRAM_CODE             01000000   00010000  00000230  0000fdd0  RW X
  SRAM_DATA             20000000   00010000  00000230  0000fdd0  RW  


SEGMENT ALLOCATION MAP

run origin  load origin   length   init length attrs members
----------  ----------- ---------- ----------- ----- -------
00000000    00000000    0000090c   0000090c    r-x
  00000000    00000000    000000e4   000000e4    r-- .intvecs
  000000e4    000000e4    000007bc   000007bc    r-x .text
  000008a0    000008a0    00000038   00000038    r-- .const
  000008d8    000008d8    00000034   00000034    r-- .cinit
20000000    20000000    00000030   00000000    rw-
  20000000    20000000    00000030   00000000    rw- .data
2000fe00    2000fe00    00000200   00000000    rw-
  2000fe00    2000fe00    00000200   00000000    rw- .stack


SECTION ALLOCATION MAP

 output                                  attributes/
section   page    origin      length       input sections
--------  ----  ----------  ----------   ----------------
.intvecs   0    00000000    000000e4     
                  00000000    000000e4     startup_msp432p401r_ccs.obj (.intvecs:retain)

.text      0    000000e4    000007bc     
                  000000e4    00000144     msp432p4xx_driverlib.lib : timer_a.o (.text:privateTimer_AProcessClockSourceDivider)
                  00000228    000000c4     main.obj (.text:main)
                  000002ec    0000009c     rtsv7M4_T_le_v4SPD16_eabi.lib : memcpy_t2.asm.obj (.text)
                  00000388    00000090     main.obj (.text:PORT1_IRQHandler)
                  00000418    00000088     msp432p4xx_driverlib.lib : gpio.o (.text:GPIO_setAsPeripheralModuleFunctionOutputPin)
                  000004a0    00000080                              : interrupt.o (.text:Interrupt_enableInterrupt)
                  00000520    00000078     system_msp432p401r.obj (.text:SystemInit)
                  00000598    00000074     msp432p4xx_driverlib.lib : timer_a.o (.text:Timer_A_generatePWM)
                  0000060c    00000068     rtsv7M4_T_le_v4SPD16_eabi.lib : copy_decompress_lzss.c.obj (.text:decompress:lzss:__TI_decompress_lzss)
                  00000674    00000058     msp432p4xx_driverlib.lib : gpio.o (.text:GPIO_setAsInputPinWithPullUpResistor)
                  000006cc    00000044     rtsv7M4_T_le_v4SPD16_eabi.lib : autoinit.c.obj (.text:__TI_auto_init_nobinit_nopinit:__TI_auto_init_nobinit_nopinit)
                  00000710    00000040     msp432p4xx_driverlib.lib : gpio.o (.text:GPIO_setAsOutputPin)
                  00000750    00000034     rtsv7M4_T_le_v4SPD16_eabi.lib : boot_cortex_m.c.obj (.text:_c_int00_noargs:_c_int00_noargs)
                  00000784    00000028     msp432p4xx_driverlib.lib : gpio.o (.text:GPIO_clearInterruptFlag)
                  000007ac    00000028                              : gpio.o (.text:GPIO_enableInterrupt)
                  000007d4    00000028                              : gpio.o (.text:GPIO_setOutputHighOnPin)
                  000007fc    00000028                              : gpio.o (.text:GPIO_setOutputLowOnPin)
                  00000824    00000028                              : pcm.o (.text:PCM_gotoLPM0)
                  0000084c    00000010                              : interrupt.o (.text:Interrupt_enableMaster)
                  0000085c    00000010                              : interrupt.o (.text:Interrupt_enableSleepOnIsrExit)
                  0000086c    0000000e     rtsv7M4_T_le_v4SPD16_eabi.lib : copy_decompress_none.c.obj (.text:decompress:none:__TI_decompress_none)
                  0000087a    0000000c     msp432p4xx_driverlib.lib : cpu.o (.text:CPU_cpsie)
                  00000886    0000000c     startup_msp432p401r_ccs.obj (.text:Reset_Handler)
                  00000892    00000004     msp432p4xx_driverlib.lib : cpu.o (.text:CPU_wfi)
                  00000896    00000004     rtsv7M4_T_le_v4SPD16_eabi.lib : pre_init.c.obj (.text:_system_pre_init)
                  0000089a    00000004                                   : exit.c.obj (.text:abort:abort)
                  0000089e    00000002     startup_msp432p401r_ccs.obj (.text:Default_Handler)

.const     0    000008a0    00000038     
                  000008a0    00000030     msp432p4xx_driverlib.lib : gpio.o (.const:GPIO_PORT_TO_BASE)
                  000008d0    00000008                              : interrupt.o (.const:g_pulEnRegs)

.cinit     0    000008d8    00000034     
                  000008d8    00000021     (.cinit..data.load) [load image, compression = lzss]
                  000008f9    00000003     --HOLE-- [fill = 0]
                  000008fc    00000008     (__TI_handler_table)
                  00000904    00000008     (__TI_cinit_table)

.init_array 
*          0    00000000    00000000     UNINITIALIZED

.binit     0    00000000    00000000     

.data      0    20000000    00000030     UNINITIALIZED
                  20000000    00000018     main.obj (.data:pwmConfig2)
                  20000018    00000018     main.obj (.data:pwmConfig)

.stack     0    2000fe00    00000200     UNINITIALIZED
                  2000fe00    00000004     rtsv7M4_T_le_v4SPD16_eabi.lib : boot_cortex_m.c.obj (.stack)
                  2000fe04    000001fc     --HOLE--

__llvm_prf_cnts 
*          0    20000000    00000000     UNINITIALIZED

MODULE SUMMARY

       Module                        code   ro data   rw data
       ------                        ----   -------   -------
    .\
       main.obj                      340    0         96     
       system_msp432p401r.obj        120    0         0      
    +--+-----------------------------+------+---------+---------+
       Total:                        460    0         96     
                                                             
    .\ccs\
       startup_msp432p401r_ccs.obj   14     228       0      
    +--+-----------------------------+------+---------+---------+
       Total:                        14     228       0      
                                                             
    C:/ti/simplelink_msp432p4_sdk_3_40_00_05/source/ti/devices/msp432p4xx/driverlib/ccs/msp432p4xx_driverlib.lib
       gpio.o                        448    48        0      
       timer_a.o                     440    0         0      
       interrupt.o                   160    8         0      
       pcm.o                         40     0         0      
       cpu.o                         16     0         0      
    +--+-----------------------------+------+---------+---------+
       Total:                        1104   56        0      
                                                             
    C:\ti\ti-cgt-arm_20.2.4.LTS\lib\rtsv7M4_T_le_v4SPD16_eabi.lib
       memcpy_t2.asm.obj             156    0         0      
       copy_decompress_lzss.c.obj    104    0         0      
       autoinit.c.obj                68     0         0      
       boot_cortex_m.c.obj           52     0         0      
       copy_decompress_none.c.obj    14     0         0      
       exit.c.obj                    4      0         0      
       pre_init.c.obj                4      0         0      
    +--+-----------------------------+------+---------+---------+
       Total:                        402    0         0      
                                                             
       Stack:                        0      0         1024   
       Linker Generated:             0      49        0      
    +--+-----------------------------+------+---------+---------+
       Grand Total:                  1980   333       1120   


LINKER GENERATED COPY TABLES

__TI_cinit_table @ 00000904 records: 1, size/record: 8, table size: 8
	.data: load addr=000008d8, load size=00000021 bytes, run addr=20000000, run size=00000030 bytes, compression=lzss


LINKER GENERATED HANDLER TABLE

__TI_handler_table @ 000008fc records: 2, size/record: 4, table size: 8
	index: 0, handler: __TI_decompress_lzss
	index: 1, handler: __TI_decompress_none


GLOBAL SYMBOLS: SORTED ALPHABETICALLY BY Name 

address   name                                       
-------   ----                                       
0000089f  ADC14_IRQHandler                           
0000089f  AES256_IRQHandler                          
0000089f  BusFault_Handler                           
0000089b  C$$EXIT                                    
0000089f  COMP_E0_IRQHandler                         
0000089f  COMP_E1_IRQHandler                         
0000087b  CPU_cpsie                                  
00000893  CPU_wfi                                    
0000089f  CS_IRQHandler                              
0000089f  DMA_ERR_IRQHandler                         
0000089f  DMA_INT0_IRQHandler                        
0000089f  DMA_INT1_IRQHandler                        
0000089f  DMA_INT2_IRQHandler                        
0000089f  DMA_INT3_IRQHandler                        
0000089f  DebugMon_Handler                           
0000089f  Default_Handler                            
0000089f  EUSCIA0_IRQHandler                         
0000089f  EUSCIA1_IRQHandler                         
0000089f  EUSCIA2_IRQHandler                         
0000089f  EUSCIA3_IRQHandler                         
0000089f  EUSCIB0_IRQHandler                         
0000089f  EUSCIB1_IRQHandler                         
0000089f  EUSCIB2_IRQHandler                         
0000089f  EUSCIB3_IRQHandler                         
0000089f  FLCTL_IRQHandler                           
0000089f  FPU_IRQHandler                             
00000785  GPIO_clearInterruptFlag                    
000007ad  GPIO_enableInterrupt                       
00000675  GPIO_setAsInputPinWithPullUpResistor       
00000711  GPIO_setAsOutputPin                        
00000419  GPIO_setAsPeripheralModuleFunctionOutputPin
000007d5  GPIO_setOutputHighOnPin                    
000007fd  GPIO_setOutputLowOnPin                     
0000089f  HardFault_Handler                          
000004a1  Interrupt_enableInterrupt                  
0000084d  Interrupt_enableMaster                     
0000085d  Interrupt_enableSleepOnIsrExit             
0000089f  MemManage_Handler                          
0000089f  NMI_Handler                                
0000089f  PCM_IRQHandler                             
00000825  PCM_gotoLPM0                               
00000389  PORT1_IRQHandler                           
00000389  PORT1_IRQHandler                           
0000089f  PORT2_IRQHandler                           
0000089f  PORT3_IRQHandler                           
0000089f  PORT4_IRQHandler                           
0000089f  PORT5_IRQHandler                           
0000089f  PORT6_IRQHandler                           
0000089f  PSS_IRQHandler                             
0000089f  PendSV_Handler                             
0000089f  RTC_C_IRQHandler                           
00000887  Reset_Handler                              
0000089f  SVC_Handler                                
0000089f  SysTick_Handler                            
00000521  SystemInit                                 
0000089f  T32_INT1_IRQHandler                        
0000089f  T32_INT2_IRQHandler                        
0000089f  T32_INTC_IRQHandler                        
0000089f  TA0_0_IRQHandler                           
0000089f  TA0_N_IRQHandler                           
0000089f  TA1_0_IRQHandler                           
0000089f  TA1_N_IRQHandler                           
0000089f  TA2_0_IRQHandler                           
0000089f  TA2_N_IRQHandler                           
0000089f  TA3_0_IRQHandler                           
0000089f  TA3_N_IRQHandler                           
00000599  Timer_A_generatePWM                        
0000089f  UsageFault_Handler                         
4000480c  WDTCTL_SYM                                 
0000089f  WDT_A_IRQHandler                           
20010000  __STACK_END                                
00000200  __STACK_SIZE                               
00000904  __TI_CINIT_Base                            
0000090c  __TI_CINIT_Limit                           
000008fc  __TI_Handler_Table_Base                    
00000904  __TI_Handler_Table_Limit                   
000006cd  __TI_auto_init_nobinit_nopinit             
0000060d  __TI_decompress_lzss                       
0000086d  __TI_decompress_none                       
ffffffff  __TI_pprof_out_hndl                        
ffffffff  __TI_prof_data_size                        
ffffffff  __TI_prof_data_start                       
00000000  __TI_static_base__                         
000002ed  __aeabi_memcpy                             
000002ed  __aeabi_memcpy4                            
000002ed  __aeabi_memcpy8                            
ffffffff  __binit__                                  
ffffffff  __c_args__                                 
UNDEFED   __mpu_init                                 
2000fe00  __stack                                    
20000000  __start___llvm_prf_cnts                    
20000000  __stop___llvm_prf_cnts                     
00000751  _c_int00_noargs                            
UNDEFED   _system_post_cinit                         
00000897  _system_pre_init                           
0000089b  abort                                      
ffffffff  binit                                      
00000000  interruptVectors                           
00000229  main                                       
000002ed  memcpy                                     
20000018  pwmConfig                                  
20000000  pwmConfig2                                 


GLOBAL SYMBOLS: SORTED BY Symbol Address 

address   name                                       
-------   ----                                       
00000000  __TI_static_base__                         
00000000  interruptVectors                           
00000200  __STACK_SIZE                               
00000229  main                                       
000002ed  __aeabi_memcpy                             
000002ed  __aeabi_memcpy4                            
000002ed  __aeabi_memcpy8                            
000002ed  memcpy                                     
00000389  PORT1_IRQHandler                           
00000389  PORT1_IRQHandler                           
00000419  GPIO_setAsPeripheralModuleFunctionOutputPin
000004a1  Interrupt_enableInterrupt                  
00000521  SystemInit                                 
00000599  Timer_A_generatePWM                        
0000060d  __TI_decompress_lzss                       
00000675  GPIO_setAsInputPinWithPullUpResistor       
000006cd  __TI_auto_init_nobinit_nopinit             
00000711  GPIO_setAsOutputPin                        
00000751  _c_int00_noargs                            
00000785  GPIO_clearInterruptFlag                    
000007ad  GPIO_enableInterrupt                       
000007d5  GPIO_setOutputHighOnPin                    
000007fd  GPIO_setOutputLowOnPin                     
00000825  PCM_gotoLPM0                               
0000084d  Interrupt_enableMaster                     
0000085d  Interrupt_enableSleepOnIsrExit             
0000086d  __TI_decompress_none                       
0000087b  CPU_cpsie                                  
00000887  Reset_Handler                              
00000893  CPU_wfi                                    
00000897  _system_pre_init                           
0000089b  C$$EXIT                                    
0000089b  abort                                      
0000089f  ADC14_IRQHandler                           
0000089f  AES256_IRQHandler                          
0000089f  BusFault_Handler                           
0000089f  COMP_E0_IRQHandler                         
0000089f  COMP_E1_IRQHandler                         
0000089f  CS_IRQHandler                              
0000089f  DMA_ERR_IRQHandler                         
0000089f  DMA_INT0_IRQHandler                        
0000089f  DMA_INT1_IRQHandler                        
0000089f  DMA_INT2_IRQHandler                        
0000089f  DMA_INT3_IRQHandler                        
0000089f  DebugMon_Handler                           
0000089f  Default_Handler                            
0000089f  EUSCIA0_IRQHandler                         
0000089f  EUSCIA1_IRQHandler                         
0000089f  EUSCIA2_IRQHandler                         
0000089f  EUSCIA3_IRQHandler                         
0000089f  EUSCIB0_IRQHandler                         
0000089f  EUSCIB1_IRQHandler                         
0000089f  EUSCIB2_IRQHandler                         
0000089f  EUSCIB3_IRQHandler                         
0000089f  FLCTL_IRQHandler                           
0000089f  FPU_IRQHandler                             
0000089f  HardFault_Handler                          
0000089f  MemManage_Handler                          
0000089f  NMI_Handler                                
0000089f  PCM_IRQHandler                             
0000089f  PORT2_IRQHandler                           
0000089f  PORT3_IRQHandler                           
0000089f  PORT4_IRQHandler                           
0000089f  PORT5_IRQHandler                           
0000089f  PORT6_IRQHandler                           
0000089f  PSS_IRQHandler                             
0000089f  PendSV_Handler                             
0000089f  RTC_C_IRQHandler                           
0000089f  SVC_Handler                                
0000089f  SysTick_Handler                            
0000089f  T32_INT1_IRQHandler                        
0000089f  T32_INT2_IRQHandler                        
0000089f  T32_INTC_IRQHandler                        
0000089f  TA0_0_IRQHandler                           
0000089f  TA0_N_IRQHandler                           
0000089f  TA1_0_IRQHandler                           
0000089f  TA1_N_IRQHandler                           
0000089f  TA2_0_IRQHandler                           
0000089f  TA2_N_IRQHandler                           
0000089f  TA3_0_IRQHandler                           
0000089f  TA3_N_IRQHandler                           
0000089f  UsageFault_Handler                         
0000089f  WDT_A_IRQHandler                           
000008fc  __TI_Handler_Table_Base                    
00000904  __TI_CINIT_Base                            
00000904  __TI_Handler_Table_Limit                   
0000090c  __TI_CINIT_Limit                           
20000000  __start___llvm_prf_cnts                    
20000000  __stop___llvm_prf_cnts                     
20000000  pwmConfig2                                 
20000018  pwmConfig                                  
2000fe00  __stack                                    
20010000  __STACK_END                                
4000480c  WDTCTL_SYM                                 
ffffffff  __TI_pprof_out_hndl                        
ffffffff  __TI_prof_data_size                        
ffffffff  __TI_prof_data_start                       
ffffffff  __binit__                                  
ffffffff  __c_args__                                 
ffffffff  binit                                      
UNDEFED   __mpu_init                                 
UNDEFED   _system_post_cinit                         

[102 symbols]
